../Core/Src/main.c:75:6:xbee_send_two_bytes	40	static
../Core/Src/main.c:101:5:ESP_connect_to_wifi	24	static
../Core/Src/main.c:109:5:ESP_start_server	24	static
../Core/Src/main.c:116:5:ESP_send_raw	24	static
../Core/Src/main.c:124:5:ESP_send_string	16	static
../Core/Src/main.c:128:6:ESP8266_Init	112	static,ignoring_inline_asm
../Core/Src/main.c:179:6:wifi_receive	4	static
../Core/Src/main.c:184:6:HAL_UART_RxCpltCallback	16	static,ignoring_inline_asm
../Core/Src/main.c:200:6:HAL_GPIO_EXTI_Callback	24	static
../Core/Src/main.c:213:5:main	8	static
../Core/Src/main.c:266:6:SystemClock_Config	96	static
../Core/Src/main.c:311:13:MX_USART2_UART_Init	8	static
../Core/Src/main.c:359:13:MX_USART3_UART_Init	8	static
../Core/Src/main.c:407:13:MX_GPIO_Init	64	static
../Core/Src/main.c:658:6:Error_Handler	4	static,ignoring_inline_asm
