../Core/Src/main.c:75:6:xbee_send_two_bytes	40	static
../Core/Src/main.c:101:5:ESP_connect_to_wifi	24	static
../Core/Src/main.c:108:5:ESP_send_raw	24	static
../Core/Src/main.c:115:5:ESP_send_string	16	static
../Core/Src/main.c:119:6:ESP8266_Init	112	static,ignoring_inline_asm
../Core/Src/main.c:167:6:wifi_receive	4	static
../Core/Src/main.c:172:6:HAL_UART_RxCpltCallback	16	static,ignoring_inline_asm
../Core/Src/main.c:188:6:HAL_GPIO_EXTI_Callback	24	static
../Core/Src/main.c:201:5:main	8	static
../Core/Src/main.c:254:6:SystemClock_Config	96	static
../Core/Src/main.c:299:13:MX_USART2_UART_Init	8	static
../Core/Src/main.c:347:13:MX_USART3_UART_Init	8	static
../Core/Src/main.c:395:13:MX_GPIO_Init	64	static
../Core/Src/main.c:646:6:Error_Handler	4	static,ignoring_inline_asm
