14:33:12 **** Build of configuration Debug for project Project_attempt ****
make -j12 all 
arm-none-eabi-size  Project_attempt.elf 
   text	   data	    bss	    dec	    hex	filename
  20116	     24	   1808	  21948	   55bc	Project_attempt.elf
Finished building: default.size.stdout
 
14:33:37 **** Incremental Build of configuration Debug for project Project_attempt ****
make -j12 all 
arm-none-eabi-size  Project_attempt.elf 
   text	   data	    bss	    dec	    hex	filename
  20116	     24	   1808	  21948	   55bc	Project_attempt.elf
Finished building: default.size.stdout
 
14:53:43 **** Incremental Build of configuration Debug for project Project_attempt ****
make -j12 all 
arm-none-eabi-gcc "../Core/Src/main.c" -mcpu=cortex-m4 -std=gnu11 -g3 -DDEBUG -DUSE_HAL_DRIVER -DSTM32L4R5xx -c -I../Core/Inc -I../Drivers/STM32L4xx_HAL_Driver/Inc -I../Drivers/STM32L4xx_HAL_Driver/Inc/Legacy -I../Drivers/CMSIS/Device/ST/STM32L4xx/Include -I../Drivers/CMSIS/Include -O0 -ffunction-sections -fdata-sections -Wall -fstack-usage -fcyclomatic-complexity -MMD -MP -MF"Core/Src/main.d" -MT"Core/Src/main.o" --specs=nano.specs -mfpu=fpv4-sp-d16 -mfloat-abi=hard -mthumb -o "Core/Src/main.o"
../Core/Src/main.c: In function 'main':
../Core/Src/main.c:316:49: warning: implicit declaration of function 'strlen' [-Wimplicit-function-declaration]
  316 |                 if (key != 'C' && key != '*' && strlen(pass) < 10) {
      |                                                 ^~~~~~
../Core/Src/main.c:46:1: note: include '<string.h>' or provide a declaration of 'strlen'
   45 | #include "i2c-lcd.h"
  +++ |+#include <string.h>
   46 | #include <stdint.h>
../Core/Src/main.c:316:49: warning: incompatible implicit declaration of built-in function 'strlen' [-Wbuiltin-declaration-mismatch]
  316 |                 if (key != 'C' && key != '*' && strlen(pass) < 10) {
      |                                                 ^~~~~~
../Core/Src/main.c:316:49: note: include '<string.h>' or provide a declaration of 'strlen'
../Core/Src/main.c:327:30: warning: implicit declaration of function 'strcmp' [-Wimplicit-function-declaration]
  327 |                         if (!strcmp(pass, nice)){
      |                              ^~~~~~
../Core/Src/main.c:327:30: note: include '<string.h>' or provide a declaration of 'strcmp'
../Core/Src/main.c:339:21: warning: incompatible implicit declaration of built-in function 'strlen' [-Wbuiltin-declaration-mismatch]
  339 |                 if (strlen(pass) >= 10){
      |                     ^~~~~~
../Core/Src/main.c:339:21: note: include '<string.h>' or provide a declaration of 'strlen'
arm-none-eabi-gcc -o "Project_attempt.elf" @"objects.list"   -mcpu=cortex-m4 -T"N:\project_2\Project_attempt\STM32L4R5ZITXP_FLASH.ld" --specs=nosys.specs -Wl,-Map="Project_attempt.map" -Wl,--gc-sections -static --specs=nano.specs -mfpu=fpv4-sp-d16 -mfloat-abi=hard -mthumb -Wl,--start-group -lc -lm -Wl,--end-group
Finished building target: Project_attempt.elf
 
arm-none-eabi-size  Project_attempt.elf 
arm-none-eabi-objdump -h -S Project_attempt.elf  > "Project_attempt.list"
   text	   data	    bss	    dec	    hex	filename
  20096	     24	   1808	  21928	   55a8	Project_attempt.elf
Finished building: default.size.stdout
 
Finished building: Project_attempt.list
 
14:56:16 **** Incremental Build of configuration Debug for project Project_attempt ****
make -j12 all 
arm-none-eabi-gcc "../Core/Src/i2c-lcd.c" -mcpu=cortex-m4 -std=gnu11 -g3 -DDEBUG -DUSE_HAL_DRIVER -DSTM32L4R5xx -c -I../Core/Inc -I../Drivers/STM32L4xx_HAL_Driver/Inc -I../Drivers/STM32L4xx_HAL_Driver/Inc/Legacy -I../Drivers/CMSIS/Device/ST/STM32L4xx/Include -I../Drivers/CMSIS/Include -O0 -ffunction-sections -fdata-sections -Wall -fstack-usage -fcyclomatic-complexity -MMD -MP -MF"Core/Src/i2c-lcd.d" -MT"Core/Src/i2c-lcd.o" --specs=nano.specs -mfpu=fpv4-sp-d16 -mfloat-abi=hard -mthumb -o "Core/Src/i2c-lcd.o"
arm-none-eabi-gcc -o "Project_attempt.elf" @"objects.list"   -mcpu=cortex-m4 -T"N:\project_2\Project_attempt\STM32L4R5ZITXP_FLASH.ld" --specs=nosys.specs -Wl,-Map="Project_attempt.map" -Wl,--gc-sections -static --specs=nano.specs -mfpu=fpv4-sp-d16 -mfloat-abi=hard -mthumb -Wl,--start-group -lc -lm -Wl,--end-group
Finished building target: Project_attempt.elf
 
arm-none-eabi-size  Project_attempt.elf 
arm-none-eabi-objdump -h -S Project_attempt.elf  > "Project_attempt.list"
   text	   data	    bss	    dec	    hex	filename
  20104	     24	   1808	  21936	   55b0	Project_attempt.elf
Finished building: default.size.stdout
 
Finished building: Project_attempt.list
 
