14:56:16 **** Incremental Build of configuration Debug for project Project_attempt ****
make -j12 all 
arm-none-eabi-gcc "../Core/Src/i2c-lcd.c" -mcpu=cortex-m4 -std=gnu11 -g3 -DDEBUG -DUSE_HAL_DRIVER -DSTM32L4R5xx -c -I../Core/Inc -I../Drivers/STM32L4xx_HAL_Driver/Inc -I../Drivers/STM32L4xx_HAL_Driver/Inc/Legacy -I../Drivers/CMSIS/Device/ST/STM32L4xx/Include -I../Drivers/CMSIS/Include -O0 -ffunction-sections -fdata-sections -Wall -fstack-usage -fcyclomatic-complexity -MMD -MP -MF"Core/Src/i2c-lcd.d" -MT"Core/Src/i2c-lcd.o" --specs=nano.specs -mfpu=fpv4-sp-d16 -mfloat-abi=hard -mthumb -o "Core/Src/i2c-lcd.o"
arm-none-eabi-gcc -o "Project_attempt.elf" @"objects.list"   -mcpu=cortex-m4 -T"N:\project_2\Project_attempt\STM32L4R5ZITXP_FLASH.ld" --specs=nosys.specs -Wl,-Map="Project_attempt.map" -Wl,--gc-sections -static --specs=nano.specs -mfpu=fpv4-sp-d16 -mfloat-abi=hard -mthumb -Wl,--start-group -lc -lm -Wl,--end-group
Finished building target: Project_attempt.elf
 
arm-none-eabi-size  Project_attempt.elf 
arm-none-eabi-objdump -h -S Project_attempt.elf  > "Project_attempt.list"
   text	   data	    bss	    dec	    hex	filename
  20104	     24	   1808	  21936	   55b0	Project_attempt.elf
Finished building: default.size.stdout
 
Finished building: Project_attempt.list
 

14:56:19 Build Finished. 0 errors, 0 warnings. (took 3s.643ms)

