../Core/Src/main.c:132:6:read_keypad	8	static
../Core/Src/main.c:291:6:xbee_send_two_bytes	40	static
../Core/Src/main.c:317:6:HAL_UART_RxCpltCallback	24	static
../Core/Src/main.c:339:5:main	48	static
../Core/Src/main.c:446:6:SystemClock_Config	96	static
../Core/Src/main.c:491:13:MX_ADC1_Init	32	static
../Core/Src/main.c:549:13:MX_I2C1_Init	8	static
../Core/Src/main.c:597:13:MX_TIM2_Init	64	static
../Core/Src/main.c:656:13:MX_TIM3_Init	64	static
../Core/Src/main.c:715:13:MX_TIM4_Init	64	static
../Core/Src/main.c:774:13:MX_USART3_UART_Init	8	static
../Core/Src/main.c:822:13:MX_GPIO_Init	64	static
../Core/Src/main.c:1029:6:Error_Handler	4	static
