../Core/Src/main.c:91:6:xbee_send_two_bytes	40	static
../Core/Src/main.c:119:6:HAL_UART_RxCpltCallback	32	static
../Core/Src/main.c:144:5:main	48	static
../Core/Src/main.c:336:6:SystemClock_Config	96	static
../Core/Src/main.c:387:13:MX_CRC_Init	8	static
../Core/Src/main.c:418:13:MX_SPI1_Init	8	static
../Core/Src/main.c:458:13:MX_SPI2_Init	8	static
../Core/Src/main.c:498:13:MX_TIM3_Init	48	static
../Core/Src/main.c:547:13:MX_USART2_UART_Init	8	static
../Core/Src/main.c:596:13:MX_USART3_UART_Init	8	static
../Core/Src/main.c:642:13:MX_DMA_Init	16	static
../Core/Src/main.c:664:13:MX_GPIO_Init	64	static
../Core/Src/main.c:869:6:Error_Handler	4	static,ignoring_inline_asm
