../Core/Src/i2c-lcd.c:15:6:cam_setup	24	static
../Core/Src/i2c-lcd.c:21:6:lcd_send_cmd	32	static
../Core/Src/i2c-lcd.c:31:6:lcd_send_cmd_param	32	static
../Core/Src/i2c-lcd.c:42:6:lcd_send_data	32	static
../Core/Src/i2c-lcd.c:51:6:lcd_init	8	static
../Core/Src/i2c-lcd.c:65:6:close_door	8	static
../Core/Src/i2c-lcd.c:81:6:cam_take_pic	64	dynamic
../Core/Src/i2c-lcd.c:145:6:lcd_correct_pass	8	static
../Core/Src/i2c-lcd.c:163:6:lcd_incorrect_pass	8	static
../Core/Src/i2c-lcd.c:173:6:lcd_nice	8	static
../Core/Src/i2c-lcd.c:181:6:lcd_send_string	16	static
