../Core/Src/main.c:125:6:read_keypad	8	static
../Core/Src/main.c:283:6:xbee_send_two_bytes	40	static
../Core/Src/main.c:309:6:HAL_UART_RxCpltCallback	24	static
../Core/Src/main.c:333:5:main	48	static
../Core/Src/main.c:434:6:SystemClock_Config	96	static
../Core/Src/main.c:479:13:MX_I2C1_Init	8	static
../Core/Src/main.c:527:13:MX_I2C2_SMBUS_Init	8	static
../Core/Src/main.c:572:13:MX_SPI1_Init	8	static
../Core/Src/main.c:612:13:MX_TIM2_Init	64	static
../Core/Src/main.c:671:13:MX_TIM4_Init	64	static
../Core/Src/main.c:730:13:MX_USART3_UART_Init	8	static
../Core/Src/main.c:779:13:MX_GPIO_Init	64	static
../Core/Src/main.c:982:6:Error_Handler	4	static
